INFO: Start of Translation:	06-Oct-2026 11:28:26 PM

INFO: Header : Author::Author
INFO: Header : Authorization::Unknown
INFO: Header : Description::Open CASCADE Model
INFO: Header : File Name::Open CASCADE Shape Model
INFO: Header : Implementation Level::2;1
INFO: Header : Organization::Open CASCADE
INFO: Header : Originating System::Open CASCADE 7.9
INFO: Header : Preprocessor Version::Open CASCADE STEP processor 7.9
INFO: Header : Schema::AUTOMOTIVE_DESIGN { 1 0 10303 214 1 1 1 1 }
INFO: Header : Time Stamp::2026-10-06T17:51:34
INFO: Begin CAD File Read 'C:/NaveenCADAgent/ev-800v-bms-thermal-controller/cad/baseline_serpentine_coldplate.step'

INFO:       Summary of STEP Entities
INFO: 
INFO: Entity Type                                                   Count
INFO: -----------                                                   ------
INFO: advanced_brep_shape_representation .......................:   1
INFO: advanced_face ............................................:   66
INFO: application_context ......................................:   1
INFO: application_protocol_definition ..........................:   1
INFO: axis2_placement_2d .......................................:   23
INFO: axis2_placement_3d .......................................:   95
INFO: b_spline_curve_with_knots ................................:   44
INFO: b_spline_curve_with_knots_and_rational_b_spline_curve ....:   5
INFO: cartesian_point ..........................................:   843
INFO: circle ...................................................:   51
INFO: closed_shell .............................................:   1
INFO: cylindrical_surface ......................................:   10
INFO: definitional_representation ..............................:   384
INFO: direction ................................................:   689
INFO: edge_curve ...............................................:   192
INFO: edge_loop ................................................:   82
INFO: face_bound ...............................................:   82
INFO: geometric_representation_context_and_global_uncertainty_a :   1
INFO: geometric_representation_context_and_parametric_represent :   384
INFO: length_unit_and_si_unit ..................................:   1
INFO: line .....................................................:   476
INFO: manifold_solid_brep ......................................:   1
INFO: oriented_edge ............................................:   384
INFO: pcurve ...................................................:   384
INFO: plane ....................................................:   56
INFO: plane_angle_unit_and_si_unit .............................:   1
INFO: product ..................................................:   1
INFO: product_context ..........................................:   1
INFO: product_definition .......................................:   1
INFO: product_definition_context ...............................:   1
INFO: product_definition_formation .............................:   1
INFO: product_definition_shape .................................:   1
INFO: product_related_product_category .........................:   1
INFO: seam_curve ...............................................:   10
INFO: shape_definition_representation ..........................:   1
INFO: si_unit_and_solid_angle_unit .............................:   1
INFO: surface_curve ............................................:   182
INFO: uncertainty_measure_with_unit ............................:   1
INFO: vector ...................................................:   476
INFO: vertex_point .............................................:   126
INFO:                                                              -------
INFO: Total                                                         5062


INFO: Creating the NX Part:	06-Oct-2026 11:28:26 PM
INFO: Creating Part ..:	C:\NaveenCADAgent\ev-800v-bms-thermal-controller\cad\baseline_serpentine_coldplate.prt


INFO: Summary of NX Entities

INFO: Entity Type                                                   Count
INFO: -----------                                                   ------
INFO: Solid/Sheet..............................................:	1
INFO: Part Attribute...........................................:	4
INFO:                                                              -------
INFO: Total                                                    :	5


INFO: Total number of solids/sheets created :		1




INFO: Number of Error Messages..........:	0
INFO: Number of Warning Messages........:	0


INFO: End of Translation:	06-Oct-2026 11:28:26 PM
