INFO: Start of Translation:	06-Oct-2026 11:25:40 PM

INFO: Header : Author::Author
INFO: Header : Authorization::Unknown
INFO: Header : Description::Open CASCADE Model
INFO: Header : File Name::Open CASCADE Shape Model
INFO: Header : Implementation Level::2;1
INFO: Header : Organization::Open CASCADE
INFO: Header : Originating System::Open CASCADE 7.9
INFO: Header : Preprocessor Version::Open CASCADE STEP processor 7.9
INFO: Header : Schema::AUTOMOTIVE_DESIGN { 1 0 10303 214 1 1 1 1 }
INFO: Header : Time Stamp::2026-10-06T17:51:37
INFO: Begin CAD File Read 'C:/NaveenCADAgent/ev-800v-bms-thermal-controller/cad/battery_module_12s2p_assembly.step'

INFO:       Summary of STEP Entities
INFO: 
INFO: Entity Type                                                   Count
INFO: -----------                                                   ------
INFO: advanced_brep_shape_representation .......................:   3
INFO: advanced_face ............................................:   195
INFO: application_context ......................................:   1
INFO: application_protocol_definition ..........................:   1
INFO: axis2_placement_2d .......................................:   48
INFO: axis2_placement_3d .......................................:   247
INFO: cartesian_point ..........................................:   1751
INFO: circle ...................................................:   96
INFO: closed_shell .............................................:   3
INFO: context_dependent_shape_representation ...................:   3
INFO: cylindrical_surface ......................................:   24
INFO: definitional_representation ..............................:   848
INFO: direction ................................................:   1718
INFO: edge_curve ...............................................:   424
INFO: edge_loop ................................................:   240
INFO: face_bound ...............................................:   240
INFO: geometric_representation_context_and_global_uncertainty_a :   4
INFO: geometric_representation_context_and_parametric_represent :   848
INFO: item_defined_transformation ..............................:   3
INFO: length_unit_and_si_unit ..................................:   4
INFO: line .....................................................:   1176
INFO: manifold_solid_brep ......................................:   3
INFO: next_assembly_usage_occurrence ...........................:   3
INFO: oriented_edge ............................................:   848
INFO: pcurve ...................................................:   848
INFO: plane ....................................................:   171
INFO: plane_angle_unit_and_si_unit .............................:   4
INFO: product ..................................................:   4
INFO: product_context ..........................................:   4
INFO: product_definition .......................................:   4
INFO: product_definition_context ...............................:   4
INFO: product_definition_formation .............................:   4
INFO: product_definition_shape .................................:   7
INFO: product_related_product_category .........................:   4
INFO: representation_relationship_with_transformation_and_shape :   3
INFO: seam_curve ...............................................:   24
INFO: shape_definition_representation ..........................:   4
INFO: shape_representation .....................................:   1
INFO: si_unit_and_solid_angle_unit .............................:   4
INFO: surface_curve ............................................:   400
INFO: uncertainty_measure_with_unit ............................:   4
INFO: vector ...................................................:   1176
INFO: vertex_point .............................................:   280
INFO:                                                              -------
INFO: Total                                                         11681


INFO: Creating the NX Part:	06-Oct-2026 11:25:44 PM
INFO: Creating Part ..:	C:\NaveenCADAgent\ev-800v-bms-thermal-controller\cad\battery_module_12s2p_assembly.prt


INFO: Summary of NX Entities

INFO: Entity Type                                                   Count
INFO: -----------                                                   ------
INFO: Component................................................:	3
INFO: Part Attribute...........................................:	4
INFO:                                                              -------
INFO: Total                                                    :	7


INFO: Creating the NX Part:	06-Oct-2026 11:25:44 PM
INFO: Creating Part ..:	C:\NaveenCADAgent\ev-800v-bms-thermal-controller\cad\Open CASCADE STEP translator 7.9 3.1.prt


INFO: Summary of NX Entities

INFO: Entity Type                                                   Count
INFO: -----------                                                   ------
INFO: Solid/Sheet..............................................:	1
INFO: Part Attribute...........................................:	4
INFO:                                                              -------
INFO: Total                                                    :	5


INFO: Creating the NX Part:	06-Oct-2026 11:25:44 PM
INFO: Creating Part ..:	C:\NaveenCADAgent\ev-800v-bms-thermal-controller\cad\Open CASCADE STEP translator 7.9 3.2.prt


INFO: Summary of NX Entities

INFO: Entity Type                                                   Count
INFO: -----------                                                   ------
INFO: Solid/Sheet..............................................:	1
INFO: Part Attribute...........................................:	4
INFO:                                                              -------
INFO: Total                                                    :	5


INFO: Creating the NX Part:	06-Oct-2026 11:25:44 PM
INFO: Creating Part ..:	C:\NaveenCADAgent\ev-800v-bms-thermal-controller\cad\Open CASCADE STEP translator 7.9 3.3.prt


INFO: Summary of NX Entities

INFO: Entity Type                                                   Count
INFO: -----------                                                   ------
INFO: Solid/Sheet..............................................:	1
INFO: Part Attribute...........................................:	4
INFO:                                                              -------
INFO: Total                                                    :	5


INFO: Total number of solids/sheets created :		3




INFO: Number of Error Messages..........:	0
INFO: Number of Warning Messages........:	0


INFO: End of Translation:	06-Oct-2026 11:25:44 PM
INFO: Start of Translation:	06-Oct-2026 11:30:41 PM

INFO: Header : Author::Author
INFO: Header : Authorization::Unknown
INFO: Header : Description::Open CASCADE Model
INFO: Header : File Name::Open CASCADE Shape Model
INFO: Header : Implementation Level::2;1
INFO: Header : Organization::Open CASCADE
INFO: Header : Originating System::Open CASCADE 7.9
INFO: Header : Preprocessor Version::Open CASCADE STEP processor 7.9
INFO: Header : Schema::AUTOMOTIVE_DESIGN { 1 0 10303 214 1 1 1 1 }
INFO: Header : Time Stamp::2026-10-06T17:51:37
INFO: Begin CAD File Read 'C:/NaveenCADAgent/ev-800v-bms-thermal-controller/cad/battery_module_12s2p_assembly.step'

INFO:       Summary of STEP Entities
INFO: 
INFO: Entity Type                                                   Count
INFO: -----------                                                   ------
INFO: advanced_brep_shape_representation .......................:   3
INFO: advanced_face ............................................:   195
INFO: application_context ......................................:   1
INFO: application_protocol_definition ..........................:   1
INFO: axis2_placement_2d .......................................:   48
INFO: axis2_placement_3d .......................................:   247
INFO: cartesian_point ..........................................:   1751
INFO: circle ...................................................:   96
INFO: closed_shell .............................................:   3
INFO: context_dependent_shape_representation ...................:   3
INFO: cylindrical_surface ......................................:   24
INFO: definitional_representation ..............................:   848
INFO: direction ................................................:   1718
INFO: edge_curve ...............................................:   424
INFO: edge_loop ................................................:   240
INFO: face_bound ...............................................:   240
INFO: geometric_representation_context_and_global_uncertainty_a :   4
INFO: geometric_representation_context_and_parametric_represent :   848
INFO: item_defined_transformation ..............................:   3
INFO: length_unit_and_si_unit ..................................:   4
INFO: line .....................................................:   1176
INFO: manifold_solid_brep ......................................:   3
INFO: next_assembly_usage_occurrence ...........................:   3
INFO: oriented_edge ............................................:   848
INFO: pcurve ...................................................:   848
INFO: plane ....................................................:   171
INFO: plane_angle_unit_and_si_unit .............................:   4
INFO: product ..................................................:   4
INFO: product_context ..........................................:   4
INFO: product_definition .......................................:   4
INFO: product_definition_context ...............................:   4
INFO: product_definition_formation .............................:   4
INFO: product_definition_shape .................................:   7
INFO: product_related_product_category .........................:   4
INFO: representation_relationship_with_transformation_and_shape :   3
INFO: seam_curve ...............................................:   24
INFO: shape_definition_representation ..........................:   4
INFO: shape_representation .....................................:   1
INFO: si_unit_and_solid_angle_unit .............................:   4
INFO: surface_curve ............................................:   400
INFO: uncertainty_measure_with_unit ............................:   4
INFO: vector ...................................................:   1176
INFO: vertex_point .............................................:   280
INFO:                                                              -------
INFO: Total                                                         11681


INFO: Creating the NX Part:	06-Oct-2026 11:30:42 PM
INFO: Creating Part ..:	C:\NaveenCADAgent\ev-800v-bms-thermal-controller\cad\battery_module_12s2p_assembly_1.prt


INFO: Summary of NX Entities

INFO: Entity Type                                                   Count
INFO: -----------                                                   ------
INFO: Component................................................:	3
INFO: Part Attribute...........................................:	4
INFO:                                                              -------
INFO: Total                                                    :	7


INFO: Creating the NX Part:	06-Oct-2026 11:30:42 PM
INFO: Creating Part ..:	C:\NaveenCADAgent\ev-800v-bms-thermal-controller\cad\Open CASCADE STEP translator 7.9 3.1_1.prt


INFO: Summary of NX Entities

INFO: Entity Type                                                   Count
INFO: -----------                                                   ------
INFO: Solid/Sheet..............................................:	1
INFO: Part Attribute...........................................:	4
INFO:                                                              -------
INFO: Total                                                    :	5


INFO: Creating the NX Part:	06-Oct-2026 11:30:42 PM
INFO: Creating Part ..:	C:\NaveenCADAgent\ev-800v-bms-thermal-controller\cad\Open CASCADE STEP translator 7.9 3.2_1.prt


INFO: Summary of NX Entities

INFO: Entity Type                                                   Count
INFO: -----------                                                   ------
INFO: Solid/Sheet..............................................:	1
INFO: Part Attribute...........................................:	4
INFO:                                                              -------
INFO: Total                                                    :	5


INFO: Creating the NX Part:	06-Oct-2026 11:30:42 PM
INFO: Creating Part ..:	C:\NaveenCADAgent\ev-800v-bms-thermal-controller\cad\Open CASCADE STEP translator 7.9 3.3_1.prt


INFO: Summary of NX Entities

INFO: Entity Type                                                   Count
INFO: -----------                                                   ------
INFO: Solid/Sheet..............................................:	1
INFO: Part Attribute...........................................:	4
INFO:                                                              -------
INFO: Total                                                    :	5


INFO: Total number of solids/sheets created :		3




INFO: Number of Error Messages..........:	0
INFO: Number of Warning Messages........:	0


INFO: End of Translation:	06-Oct-2026 11:30:42 PM
