INFO: Start of Translation:	06-Oct-2026 11:27:32 PM

INFO: Header : Author::Author
INFO: Header : Authorization::Unknown
INFO: Header : Description::Open CASCADE Model
INFO: Header : File Name::Open CASCADE Shape Model
INFO: Header : Implementation Level::2;1
INFO: Header : Organization::Open CASCADE
INFO: Header : Originating System::Open CASCADE 7.9
INFO: Header : Preprocessor Version::Open CASCADE STEP processor 7.9
INFO: Header : Schema::AUTOMOTIVE_DESIGN { 1 0 10303 214 1 1 1 1 }
INFO: Header : Time Stamp::2026-10-06T17:51:36
INFO: Begin CAD File Read 'C:/NaveenCADAgent/ev-800v-bms-thermal-controller/cad/optimized_microchannel_coldplate.stp'

INFO:       Summary of STEP Entities
INFO: 
INFO: Entity Type                                                   Count
INFO: -----------                                                   ------
INFO: advanced_brep_shape_representation .......................:   3
INFO: advanced_face ............................................:   148
INFO: application_context ......................................:   1
INFO: application_protocol_definition ..........................:   1
INFO: axis2_placement_2d .......................................:   16
INFO: axis2_placement_3d .......................................:   172
INFO: b_spline_curve_with_knots ................................:   192
INFO: b_spline_curve_with_knots_and_rational_b_spline_curve ....:   4
INFO: cartesian_point ..........................................:   1666
INFO: circle ...................................................:   36
INFO: closed_shell .............................................:   3
INFO: context_dependent_shape_representation ...................:   3
INFO: cylindrical_surface ......................................:   10
INFO: definitional_representation ..............................:   708
INFO: direction ................................................:   1190
INFO: edge_curve ...............................................:   354
INFO: edge_loop ................................................:   188
INFO: face_bound ...............................................:   188
INFO: geometric_representation_context_and_global_uncertainty_a :   4
INFO: geometric_representation_context_and_parametric_represent :   708
INFO: item_defined_transformation ..............................:   3
INFO: length_unit_and_si_unit ..................................:   4
INFO: line .....................................................:   830
INFO: manifold_solid_brep ......................................:   3
INFO: next_assembly_usage_occurrence ...........................:   3
INFO: oriented_edge ............................................:   708
INFO: pcurve ...................................................:   708
INFO: plane ....................................................:   138
INFO: plane_angle_unit_and_si_unit .............................:   4
INFO: product ..................................................:   4
INFO: product_context ..........................................:   4
INFO: product_definition .......................................:   4
INFO: product_definition_context ...............................:   4
INFO: product_definition_formation .............................:   4
INFO: product_definition_shape .................................:   7
INFO: product_related_product_category .........................:   4
INFO: representation_relationship_with_transformation_and_shape :   3
INFO: seam_curve ...............................................:   10
INFO: shape_definition_representation ..........................:   4
INFO: shape_representation .....................................:   1
INFO: si_unit_and_solid_angle_unit .............................:   4
INFO: surface_curve ............................................:   344
INFO: uncertainty_measure_with_unit ............................:   4
INFO: vector ...................................................:   830
INFO: vertex_point .............................................:   236
INFO:                                                              -------
INFO: Total                                                         9463


INFO: Creating the NX Part:	06-Oct-2026 11:27:33 PM
INFO: Creating Part ..:	C:\NaveenCADAgent\ev-800v-bms-thermal-controller\cad\optimized_microchannel_coldplate.prt


INFO: Summary of NX Entities

INFO: Entity Type                                                   Count
INFO: -----------                                                   ------
INFO: Component................................................:	3
INFO: Part Attribute...........................................:	4
INFO:                                                              -------
INFO: Total                                                    :	7


INFO: Creating the NX Part:	06-Oct-2026 11:27:33 PM
INFO: Creating Part ..:	C:\NaveenCADAgent\ev-800v-bms-thermal-controller\cad\Open CASCADE STEP translator 7.9 2.1.prt


INFO: Summary of NX Entities

INFO: Entity Type                                                   Count
INFO: -----------                                                   ------
INFO: Solid/Sheet..............................................:	1
INFO: Part Attribute...........................................:	4
INFO:                                                              -------
INFO: Total                                                    :	5


INFO: Creating the NX Part:	06-Oct-2026 11:27:33 PM
INFO: Creating Part ..:	C:\NaveenCADAgent\ev-800v-bms-thermal-controller\cad\Open CASCADE STEP translator 7.9 2.2.prt


INFO: Summary of NX Entities

INFO: Entity Type                                                   Count
INFO: -----------                                                   ------
INFO: Solid/Sheet..............................................:	1
INFO: Part Attribute...........................................:	4
INFO:                                                              -------
INFO: Total                                                    :	5


INFO: Creating the NX Part:	06-Oct-2026 11:27:33 PM
INFO: Creating Part ..:	C:\NaveenCADAgent\ev-800v-bms-thermal-controller\cad\Open CASCADE STEP translator 7.9 2.3.prt


INFO: Summary of NX Entities

INFO: Entity Type                                                   Count
INFO: -----------                                                   ------
INFO: Solid/Sheet..............................................:	1
INFO: Part Attribute...........................................:	4
INFO:                                                              -------
INFO: Total                                                    :	5


INFO: Total number of solids/sheets created :		3




INFO: Number of Error Messages..........:	0
INFO: Number of Warning Messages........:	0


INFO: End of Translation:	06-Oct-2026 11:27:33 PM
